// Jest Snapshot v1, https://goo.gl/fbAQLP

exports[`base component renders correctly 1`] = `"<div class=\\"default size_md color_light custom_extra_class\\"></div>"`;

exports[`inherit styled component 1`] = `"<div class=\\"default size_sm color_light inherited\\"></div>"`;

exports[`inherit styled component 2`] = `"<div class=\\"default size_lg color_light inherited custom_extra_cls\\"></div>"`;
